Flutter crash report.
Please report a bug at https://github.com/flutter/flutter/issues.

## command

flutter analyze

## exception

_Exception: Exception: analysis server exited with code 255 and output:
[stderr] #35     AnalysisDriverScheduler._run (package:analyzer/src/dart/analysis/driver.dart:2611:24)
[stderr] <asynchronous suspension>
[stderr] 
[stderr] 
[stderr] #0      LibraryContext._throwLibraryCycleLinkException (package:analyzer/src/dart/analysis/library_context.dart:397:5)
[stderr] #1      LibraryContext.load.loadBundle (package:analyzer/src/dart/analysis/library_context.dart:279:11)
[stderr] #2      LibraryContext.load.loadBundle (package:analyzer/src/dart/analysis/library_context.dart:147:9)
[stderr] #3      LibraryContext.load.loadBundle (package:analyzer/src/dart/analysis/library_context.dart:147:9)
[stderr] #4      LibraryContext.load.loadBundle (package:analyzer/src/dart/analysis/library_context.dart:147:9)
[stderr] #5      LibraryContext.load.<anonymous closure> (package:analyzer/src/dart/analysis/library_context.dart:324:7)
[stderr] #6      PerformanceLog.run (package:analyzer/src/dart/analysis/performance_logger.dart:38:15)
[stderr] #7      LibraryContext.load (package:analyzer/src/dart/analysis/library_context.dart:323:12)
[stderr] #8      AnalysisDriver._produceErrors.<anonymous closure>.<anonymous closure> (package:analyzer/src/dart/analysis/driver.dart:1994:24)
[stderr] #9      OperationPerformanceImpl.run (package:analyzer/src/util/performance/operation_performance.dart:150:23)
[stderr] #10     AnalysisDriver._produceErrors.<anonymous closure> (package:analyzer/src/dart/analysis/driver.dart:1993:19)
[stderr] #11     OperationPerformanceImpl.run (package:analyzer/src/util/performance/operation_performance.dart:150:23)
[stderr] #12     AnalysisDriver._produceErrors (package:analyzer/src/dart/analysis/driver.dart:1985:38)
[stderr] #13     AnalysisDriver.performWork (package:analyzer/src/dart/analysis/driver.dart:1229:7)
[stderr] #14     AnalysisDriverScheduler._run (package:analyzer/src/dart/analysis/driver.dart:2611:24)
[stderr] <asynchronous suspension>

```
```

## flutter doctor

```
[32m[✓][39m Flutter (Channel stable, 3.35.6, on Microsoft Windows
    [Version 10.0.19045.6456], locale en-US) [624ms]
    [32m•[39m Flutter version 3.35.6 on channel stable at
      C:\src\flutter
    [32m•[39m Upstream repository
      https://github.com/flutter/flutter.git
    [32m•[39m Framework revision 9f455d2486 (2 weeks ago), 2025-10-08
      14:55:31 -0500
    [32m•[39m Engine revision d2913632a4
    [32m•[39m Dart version 3.9.2
    [32m•[39m DevTools version 2.48.0
    [32m•[39m Feature flags: enable-web, enable-linux-desktop,
      enable-macos-desktop, enable-windows-desktop,
      enable-android, enable-ios, cli-animations,
      enable-lldb-debugging

[32m[✓][39m Windows Version (10 Pro 64-bit, 22H2, 2009) [3.2s]

[32m[✓][39m Android toolchain - develop for Android devices (Android
    SDK version 36.1.0-rc1) [3.6s]
    [32m•[39m Android SDK at C:\Users\ADMIN\AppData\Local\Android\sdk
    [32m•[39m Emulator version 36.1.9.0 (build_id 13823996) (CL:N/A)
    [32m•[39m Platform android-36, build-tools 36.1.0-rc1
    [32m•[39m Java binary at: C:\Program Files\Android\Android
      Studio\jbr\bin\java
      This is the JDK bundled with the latest Android Studio
      installation on this machine.
      To manually set the JDK path, use: `flutter config
      --jdk-dir="path/to/jdk"`.
    [32m•[39m Java version OpenJDK Runtime Environment (build
      21.0.7+-13880790-b1038.58)
    [32m•[39m All Android licenses accepted.

[32m[✓][39m Chrome - develop for the web [245ms]
    [32m•[39m Chrome at C:\Program
      Files\Google\Chrome\Application\chrome.exe

[32m[✓][39m Visual Studio - develop Windows apps (Visual Studio
    Community 2022 17.14.13 Preview 1.0) [241ms]
    [32m•[39m Visual Studio at C:\Program Files\Microsoft Visual
      Studio\2022\Preview
    [32m•[39m Visual Studio Community 2022 version 17.14.36414.22
    [32m•[39m The current Visual Studio installation is a pre-release
      version. It may not be supported by Flutter yet.
    [32m•[39m Windows 10 SDK version 10.0.26100.0

[32m[✓][39m Android Studio (version 2025.1.3) [25ms]
    [32m•[39m Android Studio at C:\Program Files\Android\Android
      Studio
    [32m•[39m Flutter plugin can be installed from:
      🔨 https://plugins.jetbrains.com/plugin/9212-flutter
    [32m•[39m Dart plugin can be installed from:
      🔨 https://plugins.jetbrains.com/plugin/6351-dart
    [32m•[39m Java version OpenJDK Runtime Environment (build
      21.0.7+-13880790-b1038.58)

[32m[✓][39m VS Code (version 1.105.1) [20ms]
    [32m•[39m VS Code at
      C:\Users\ADMIN\AppData\Local\Programs\Microsoft VS Code
    [32m•[39m Flutter extension version 3.120.0

[32m[✓][39m Connected device (4 available) [769ms]
    [32m•[39m moto g05 (mobile) • ZA2233J7HV • android-arm64  •
      Android 15 (API 35)
    [32m•[39m Windows (desktop) • windows    • windows-x64    •
      Microsoft Windows [Version 10.0.19045.6456]
    [32m•[39m Chrome (web)      • chrome     • web-javascript •
      Google Chrome 141.0.7390.108
    [32m•[39m Edge (web)        • edge       • web-javascript •
      Microsoft Edge 141.0.3537.92

[32m[✓][39m Network resources [1,889ms]
    [32m•[39m All expected network resources are available.

[32m•[39m No issues found!
```
